A	plugins/CSV2TSNE/example/tsne.A.txt
B	plugins/CSV2TSNE/example/tsne.B.txt
